current directory: /home/andy/multica_workspaces/b5c65be2-ea3a-4cb9-89ca-416e839264c9/212b715a/workdir/AndyPortfolio/vendor/bundle/ruby/3.2.0/gems/puma-5.6.5/ext/puma_http11
/usr/bin/ruby3.2 -I/usr/lib/ruby/vendor_ruby extconf.rb
using OpenSSL pkgconfig (openssl.pc)
checking for openssl/bio.h... yes
checking for DTLS_method() in openssl/ssl.h... yes
checking for TLS_server_method() in openssl/ssl.h... yes
checking for SSL_CTX_set_min_proto_version(NULL, 0) in openssl/ssl.h... yes
checking for X509_STORE_up_ref()... yes
checking for SSL_CTX_set_ecdh_auto(NULL, 0) in openssl/ssl.h... yes
checking for SSL_CTX_set_dh_auto(NULL, 0) in openssl/ssl.h... yes
checking for SSL_get1_peer_certificate() in openssl/ssl.h... yes
checking for Random.bytes... yes
creating Makefile

current directory: /home/andy/multica_workspaces/b5c65be2-ea3a-4cb9-89ca-416e839264c9/212b715a/workdir/AndyPortfolio/vendor/bundle/ruby/3.2.0/gems/puma-5.6.5/ext/puma_http11
make DESTDIR\= sitearchdir\=./.gem.20260531-1009790-94gn2d sitelibdir\=./.gem.20260531-1009790-94gn2d clean

current directory: /home/andy/multica_workspaces/b5c65be2-ea3a-4cb9-89ca-416e839264c9/212b715a/workdir/AndyPortfolio/vendor/bundle/ruby/3.2.0/gems/puma-5.6.5/ext/puma_http11
make DESTDIR\= sitearchdir\=./.gem.20260531-1009790-94gn2d sitelibdir\=./.gem.20260531-1009790-94gn2d
compiling http11_parser.c
compiling mini_ssl.c
compiling puma_http11.c
linking shared-object puma/puma_http11.so

current directory: /home/andy/multica_workspaces/b5c65be2-ea3a-4cb9-89ca-416e839264c9/212b715a/workdir/AndyPortfolio/vendor/bundle/ruby/3.2.0/gems/puma-5.6.5/ext/puma_http11
make DESTDIR\= sitearchdir\=./.gem.20260531-1009790-94gn2d sitelibdir\=./.gem.20260531-1009790-94gn2d install
/usr/bin/install -c -m 0755 puma_http11.so ./.gem.20260531-1009790-94gn2d/puma

current directory: /home/andy/multica_workspaces/b5c65be2-ea3a-4cb9-89ca-416e839264c9/212b715a/workdir/AndyPortfolio/vendor/bundle/ruby/3.2.0/gems/puma-5.6.5/ext/puma_http11
make DESTDIR\= sitearchdir\=./.gem.20260531-1009790-94gn2d sitelibdir\=./.gem.20260531-1009790-94gn2d clean
