current directory: /home/andy/multica_workspaces/b5c65be2-ea3a-4cb9-89ca-416e839264c9/212b715a/workdir/AndyPortfolio/vendor/bundle/ruby/3.2.0/gems/prism-1.9.0/ext/prism
/usr/bin/ruby3.2 -I/usr/lib/ruby/vendor_ruby extconf.rb
checking for prism.h in /home/andy/multica_workspaces/b5c65be2-ea3a-4cb9-89ca-416e839264c9/212b715a/workdir/AndyPortfolio/vendor/bundle/ruby/3.2.0/gems/prism-1.9.0/include... yes
checking for prism/extension.h in /home/andy/multica_workspaces/b5c65be2-ea3a-4cb9-89ca-416e839264c9/212b715a/workdir/AndyPortfolio/vendor/bundle/ruby/3.2.0/gems/prism-1.9.0/ext... yes
checking for whether -fvisibility=hidden is accepted as CFLAGS... yes
creating Makefile

current directory: /home/andy/multica_workspaces/b5c65be2-ea3a-4cb9-89ca-416e839264c9/212b715a/workdir/AndyPortfolio/vendor/bundle/ruby/3.2.0/gems/prism-1.9.0/ext/prism
make DESTDIR\= sitearchdir\=./.gem.20260531-1018879-mjdaa7 sitelibdir\=./.gem.20260531-1018879-mjdaa7 clean

current directory: /home/andy/multica_workspaces/b5c65be2-ea3a-4cb9-89ca-416e839264c9/212b715a/workdir/AndyPortfolio/vendor/bundle/ruby/3.2.0/gems/prism-1.9.0/ext/prism
make DESTDIR\= sitearchdir\=./.gem.20260531-1018879-mjdaa7 sitelibdir\=./.gem.20260531-1018879-mjdaa7
compiling api_node.c
compiling api_pack.c
compiling ./../../src/diagnostic.c
compiling ./../../src/encoding.c
compiling extension.c
compiling ./../../src/node.c
compiling ./../../src/options.c
compiling ./../../src/pack.c
compiling ./../../src/util/pm_buffer.c
compiling ./../../src/util/pm_char.c
compiling ./../../src/util/pm_constant_pool.c
compiling ./../../src/util/pm_integer.c
compiling ./../../src/util/pm_list.c
compiling ./../../src/util/pm_memchr.c
compiling ./../../src/util/pm_newline_list.c
compiling ./../../src/util/pm_string.c
compiling ./../../src/util/pm_strncasecmp.c
compiling ./../../src/util/pm_strpbrk.c
compiling ./../../src/prettyprint.c
compiling ./../../src/prism.c
compiling ./../../src/regexp.c
compiling ./../../src/serialize.c
compiling ./../../src/static_literals.c
compiling ./../../src/token_type.c
linking shared-object prism/prism.so

current directory: /home/andy/multica_workspaces/b5c65be2-ea3a-4cb9-89ca-416e839264c9/212b715a/workdir/AndyPortfolio/vendor/bundle/ruby/3.2.0/gems/prism-1.9.0/ext/prism
make DESTDIR\= sitearchdir\=./.gem.20260531-1018879-mjdaa7 sitelibdir\=./.gem.20260531-1018879-mjdaa7 install
/usr/bin/install -c -m 0755 prism.so ./.gem.20260531-1018879-mjdaa7/prism

current directory: /home/andy/multica_workspaces/b5c65be2-ea3a-4cb9-89ca-416e839264c9/212b715a/workdir/AndyPortfolio/vendor/bundle/ruby/3.2.0/gems/prism-1.9.0/ext/prism
make DESTDIR\= sitearchdir\=./.gem.20260531-1018879-mjdaa7 sitelibdir\=./.gem.20260531-1018879-mjdaa7 clean
