current directory: /home/andy/multica_workspaces/b5c65be2-ea3a-4cb9-89ca-416e839264c9/212b715a/workdir/AndyPortfolio/vendor/bundle/ruby/3.2.0/gems/io-console-0.8.2/ext/io/console
/usr/bin/ruby3.2 -I/usr/lib/ruby/vendor_ruby extconf.rb
checking for rb_syserr_fail_str(0, Qnil)... yes
checking for rb_interned_str_cstr()... yes
checking for rb_io_path() in ruby/io.h... no
checking for rb_io_descriptor() in ruby/io.h... yes
checking for rb_io_get_write_io() in ruby/io.h... yes
checking for rb_io_closed_p() in ruby/io.h... no
checking for rb_io_open_descriptor() in ruby/io.h... no
checking for rb_ractor_local_storage_value_newkey()... yes
checking for termios.h... yes
checking for cfmakeraw() in termios.h... yes
checking for sys/ioctl.h... yes
checking for HAVE_RUBY_FIBER_SCHEDULER_H... yes
checking for ttyname_r()... yes
creating Makefile

current directory: /home/andy/multica_workspaces/b5c65be2-ea3a-4cb9-89ca-416e839264c9/212b715a/workdir/AndyPortfolio/vendor/bundle/ruby/3.2.0/gems/io-console-0.8.2/ext/io/console
make DESTDIR\= sitearchdir\=./.gem.20260531-1018879-2cos3c sitelibdir\=./.gem.20260531-1018879-2cos3c clean

current directory: /home/andy/multica_workspaces/b5c65be2-ea3a-4cb9-89ca-416e839264c9/212b715a/workdir/AndyPortfolio/vendor/bundle/ruby/3.2.0/gems/io-console-0.8.2/ext/io/console
make DESTDIR\= sitearchdir\=./.gem.20260531-1018879-2cos3c sitelibdir\=./.gem.20260531-1018879-2cos3c
compiling console.c
linking shared-object io/console.so

current directory: /home/andy/multica_workspaces/b5c65be2-ea3a-4cb9-89ca-416e839264c9/212b715a/workdir/AndyPortfolio/vendor/bundle/ruby/3.2.0/gems/io-console-0.8.2/ext/io/console
make DESTDIR\= sitearchdir\=./.gem.20260531-1018879-2cos3c sitelibdir\=./.gem.20260531-1018879-2cos3c install
/usr/bin/install -c -m 0755 console.so ./.gem.20260531-1018879-2cos3c/io

current directory: /home/andy/multica_workspaces/b5c65be2-ea3a-4cb9-89ca-416e839264c9/212b715a/workdir/AndyPortfolio/vendor/bundle/ruby/3.2.0/gems/io-console-0.8.2/ext/io/console
make DESTDIR\= sitearchdir\=./.gem.20260531-1018879-2cos3c sitelibdir\=./.gem.20260531-1018879-2cos3c clean
