current directory: /home/andy/multica_workspaces/b5c65be2-ea3a-4cb9-89ca-416e839264c9/212b715a/workdir/AndyPortfolio/vendor/bundle/ruby/3.2.0/gems/msgpack-1.6.0/ext/msgpack
/usr/bin/ruby3.2 -I/usr/lib/ruby/vendor_ruby extconf.rb
checking for ruby/st.h... yes
checking for st.h... no
checking for rb_enc_interned_str() in ruby.h... yes
checking for rb_hash_new_capa() in ruby.h... yes
creating Makefile

current directory: /home/andy/multica_workspaces/b5c65be2-ea3a-4cb9-89ca-416e839264c9/212b715a/workdir/AndyPortfolio/vendor/bundle/ruby/3.2.0/gems/msgpack-1.6.0/ext/msgpack
make DESTDIR\= sitearchdir\=./.gem.20260531-1009790-8dkfco sitelibdir\=./.gem.20260531-1009790-8dkfco clean

current directory: /home/andy/multica_workspaces/b5c65be2-ea3a-4cb9-89ca-416e839264c9/212b715a/workdir/AndyPortfolio/vendor/bundle/ruby/3.2.0/gems/msgpack-1.6.0/ext/msgpack
make DESTDIR\= sitearchdir\=./.gem.20260531-1009790-8dkfco sitelibdir\=./.gem.20260531-1009790-8dkfco
compiling buffer.c
compiling buffer_class.c
compiling extension_value_class.c
compiling factory_class.c
compiling packer.c
compiling packer_class.c
compiling packer_ext_registry.c
compiling rbinit.c
compiling rmem.c
compiling unpacker.c
compiling unpacker_class.c
compiling unpacker_ext_registry.c
linking shared-object msgpack/msgpack.so

current directory: /home/andy/multica_workspaces/b5c65be2-ea3a-4cb9-89ca-416e839264c9/212b715a/workdir/AndyPortfolio/vendor/bundle/ruby/3.2.0/gems/msgpack-1.6.0/ext/msgpack
make DESTDIR\= sitearchdir\=./.gem.20260531-1009790-8dkfco sitelibdir\=./.gem.20260531-1009790-8dkfco install
/usr/bin/install -c -m 0755 msgpack.so ./.gem.20260531-1009790-8dkfco/msgpack

current directory: /home/andy/multica_workspaces/b5c65be2-ea3a-4cb9-89ca-416e839264c9/212b715a/workdir/AndyPortfolio/vendor/bundle/ruby/3.2.0/gems/msgpack-1.6.0/ext/msgpack
make DESTDIR\= sitearchdir\=./.gem.20260531-1009790-8dkfco sitelibdir\=./.gem.20260531-1009790-8dkfco clean
