current directory: /home/andy/multica_workspaces/b5c65be2-ea3a-4cb9-89ca-416e839264c9/74959a4c/workdir/AndyPortfolio/vendor/bundle/ruby/3.2.0/gems/msgpack-1.8.1/ext/msgpack
/usr/bin/ruby3.2 -I/usr/lib/ruby/vendor_ruby extconf.rb
checking for rb_enc_interned_str() in ruby.h... yes
checking for rb_hash_new_capa() in ruby.h... yes
checking for rb_proc_call_with_block() in ruby.h... yes
checking for rb_gc_mark_locations() in ruby.h... yes
checking for whether -fvisibility=hidden is accepted as CFLAGS... yes
checking for whether -I.. is accepted as CFLAGS... yes
checking for whether -Wall is accepted as CFLAGS... yes
checking for whether -std=gnu99 is accepted as CFLAGS... yes
checking for whether -DHASH_ASET_DEDUPE=1 is accepted as CFLAGS... yes
checking for whether -DSTR_UMINUS_DEDUPE_FROZEN=1 is accepted as CFLAGS... yes
creating Makefile

current directory: /home/andy/multica_workspaces/b5c65be2-ea3a-4cb9-89ca-416e839264c9/74959a4c/workdir/AndyPortfolio/vendor/bundle/ruby/3.2.0/gems/msgpack-1.8.1/ext/msgpack
make DESTDIR\= sitearchdir\=./.gem.20260601-1113883-3bdbs8 sitelibdir\=./.gem.20260601-1113883-3bdbs8 clean

current directory: /home/andy/multica_workspaces/b5c65be2-ea3a-4cb9-89ca-416e839264c9/74959a4c/workdir/AndyPortfolio/vendor/bundle/ruby/3.2.0/gems/msgpack-1.8.1/ext/msgpack
make DESTDIR\= sitearchdir\=./.gem.20260601-1113883-3bdbs8 sitelibdir\=./.gem.20260601-1113883-3bdbs8
compiling buffer.c
compiling buffer_class.c
compiling extension_value_class.c
compiling factory_class.c
compiling packer.c
compiling packer_class.c
compiling packer_ext_registry.c
compiling rbinit.c
compiling rmem.c
compiling unpacker.c
compiling unpacker_class.c
compiling unpacker_ext_registry.c
linking shared-object msgpack/msgpack.so

current directory: /home/andy/multica_workspaces/b5c65be2-ea3a-4cb9-89ca-416e839264c9/74959a4c/workdir/AndyPortfolio/vendor/bundle/ruby/3.2.0/gems/msgpack-1.8.1/ext/msgpack
make DESTDIR\= sitearchdir\=./.gem.20260601-1113883-3bdbs8 sitelibdir\=./.gem.20260601-1113883-3bdbs8 install
/usr/bin/install -c -m 0755 msgpack.so ./.gem.20260601-1113883-3bdbs8/msgpack

current directory: /home/andy/multica_workspaces/b5c65be2-ea3a-4cb9-89ca-416e839264c9/74959a4c/workdir/AndyPortfolio/vendor/bundle/ruby/3.2.0/gems/msgpack-1.8.1/ext/msgpack
make DESTDIR\= sitearchdir\=./.gem.20260601-1113883-3bdbs8 sitelibdir\=./.gem.20260601-1113883-3bdbs8 clean
