current directory: /home/andy/multica_workspaces/b5c65be2-ea3a-4cb9-89ca-416e839264c9/212b715a/workdir/AndyPortfolio/vendor/bundle/ruby/3.2.0/gems/psych-5.3.1/ext/psych
/usr/bin/ruby3.2 -I/usr/lib/ruby/vendor_ruby extconf.rb
creating Makefile

current directory: /home/andy/multica_workspaces/b5c65be2-ea3a-4cb9-89ca-416e839264c9/212b715a/workdir/AndyPortfolio/vendor/bundle/ruby/3.2.0/gems/psych-5.3.1/ext/psych
make DESTDIR\= sitearchdir\=./.gem.20260531-1018879-teib4l sitelibdir\=./.gem.20260531-1018879-teib4l clean
cd libyaml && make clean
/bin/sh: 1: cd: can't cd to libyaml
make: [Makefile:283: clean-so] Error 2 (ignored)

current directory: /home/andy/multica_workspaces/b5c65be2-ea3a-4cb9-89ca-416e839264c9/212b715a/workdir/AndyPortfolio/vendor/bundle/ruby/3.2.0/gems/psych-5.3.1/ext/psych
make DESTDIR\= sitearchdir\=./.gem.20260531-1018879-teib4l sitelibdir\=./.gem.20260531-1018879-teib4l
compiling psych.c
compiling psych_emitter.c
compiling psych_parser.c
compiling psych_to_ruby.c
compiling psych_yaml_tree.c
linking shared-object psych.so

current directory: /home/andy/multica_workspaces/b5c65be2-ea3a-4cb9-89ca-416e839264c9/212b715a/workdir/AndyPortfolio/vendor/bundle/ruby/3.2.0/gems/psych-5.3.1/ext/psych
make DESTDIR\= sitearchdir\=./.gem.20260531-1018879-teib4l sitelibdir\=./.gem.20260531-1018879-teib4l install
/usr/bin/install -c -m 0755 psych.so ./.gem.20260531-1018879-teib4l

current directory: /home/andy/multica_workspaces/b5c65be2-ea3a-4cb9-89ca-416e839264c9/212b715a/workdir/AndyPortfolio/vendor/bundle/ruby/3.2.0/gems/psych-5.3.1/ext/psych
make DESTDIR\= sitearchdir\=./.gem.20260531-1018879-teib4l sitelibdir\=./.gem.20260531-1018879-teib4l clean
cd libyaml && make clean
/bin/sh: 1: cd: can't cd to libyaml
make: [Makefile:283: clean-so] Error 2 (ignored)
